Traceback (most recent call last):
  File "C:\PythonProjects\tidal-dl\Tidal-Media-Downloader\TIDALDL-PY\tidal_dl\gui.py", line 666, in __displayTracks__
    self.setSearchResults(tracks, Type.Track)
  File "C:\PythonProjects\tidal-dl\Tidal-Media-Downloader\TIDALDL-PY\tidal_dl\gui.py", line 481, in setSearchResults
    Printf.info(f"self.s_playlist in setSearchResults: {self.s_playlist}")
    ^^^^^^
UnboundLocalError: cannot access local variable 'Printf' where it is not associated with a value

Traceback (most recent call last):
  File "C:\PythonProjects\tidal-dl\Tidal-Media-Downloader\TIDALDL-PY\tidal_dl\gui.py", line 666, in __displayTracks__
    self.setSearchResults(tracks, Type.Track)
  File "C:\PythonProjects\tidal-dl\Tidal-Media-Downloader\TIDALDL-PY\tidal_dl\gui.py", line 481, in setSearchResults
    Printf.info(f"self.s_playlist in setSearchResults: {self.s_playlist}")
    ^^^^^^
UnboundLocalError: cannot access local variable 'Printf' where it is not associated with a value

Traceback (most recent call last):
  File "C:\PythonProjects\tidal-dl\Tidal-Media-Downloader\TIDALDL-PY\tidal_dl\gui.py", line 666, in __displayTracks__
    self.setSearchResults(tracks, Type.Track)
  File "C:\PythonProjects\tidal-dl\Tidal-Media-Downloader\TIDALDL-PY\tidal_dl\gui.py", line 481, in setSearchResults
    Printf.info(f"self.s_playlist in setSearchResults: {self.s_playlist}")
    ^^^^^^
UnboundLocalError: cannot access local variable 'Printf' where it is not associated with a value

Traceback (most recent call last):
  File "C:\PythonProjects\tidal-dl\Tidal-Media-Downloader\TIDALDL-PY\tidal_dl\gui.py", line 667, in __displayTracks__
    self.setSearchResults(tracks, Type.Track)
  File "C:\PythonProjects\tidal-dl\Tidal-Media-Downloader\TIDALDL-PY\tidal_dl\gui.py", line 481, in setSearchResults
    Printf.info(f"self.s_playlist in setSearchResults: {self.s_playlist}")
    ^^^^^^
UnboundLocalError: cannot access local variable 'Printf' where it is not associated with a value

Traceback (most recent call last):
  File "C:\PythonProjects\tidal-dl\Tidal-Media-Downloader\TIDALDL-PY\tidal_dl\gui.py", line 682, in __displayTracks__
    self.setSearchResults(tracks, Type.Track)
  File "C:\PythonProjects\tidal-dl\Tidal-Media-Downloader\TIDALDL-PY\tidal_dl\gui.py", line 495, in setSearchResults
    Printf.info(f"self.s_playlist in setSearchResults: {self.s_playlist}")
    ^^^^^^
UnboundLocalError: cannot access local variable 'Printf' where it is not associated with a value

Traceback (most recent call last):
  File "C:\PythonProjects\tidal-dl\Tidal-Media-Downloader\TIDALDL-PY\tidal_dl\gui.py", line 682, in __displayTracks__
    self.setSearchResults(tracks, Type.Track)
  File "C:\PythonProjects\tidal-dl\Tidal-Media-Downloader\TIDALDL-PY\tidal_dl\gui.py", line 495, in setSearchResults
    Printf.info(f"self.s_playlist in setSearchResults: {self.s_playlist}")
    ^^^^^^
UnboundLocalError: cannot access local variable 'Printf' where it is not associated with a value

Traceback (most recent call last):
  File "C:\PythonProjects\tidal-dl\Tidal-Media-Downloader\TIDALDL-PY\tidal_dl\gui.py", line 652, in __displayTracks__
    self.setSearchResults(tracks, Type.Track)
  File "C:\PythonProjects\tidal-dl\Tidal-Media-Downloader\TIDALDL-PY\tidal_dl\gui.py", line 472, in setSearchResults
    Printf.info(f"self.s_playlist in setSearchResults: {self.s_playlist}")
    ^^^^^^
UnboundLocalError: cannot access local variable 'Printf' where it is not associated with a value

Traceback (most recent call last):
  File "C:\PythonProjects\tidal-dl\Tidal-Media-Downloader\TIDALDL-PY\tidal_dl\gui.py", line 657, in __displayTracks__
    self.setSearchResults(tracks, Type.Track)
  File "C:\PythonProjects\tidal-dl\Tidal-Media-Downloader\TIDALDL-PY\tidal_dl\gui.py", line 472, in setSearchResults
    Printf.info(f"self.s_playlist in setSearchResults: {self.s_playlist}")
    ^^^^^^
UnboundLocalError: cannot access local variable 'Printf' where it is not associated with a value

Traceback (most recent call last):
  File "C:\PythonProjects\tidal-dl\Tidal-Media-Downloader\TIDALDL-PY\tidal_dl\gui.py", line 661, in __displayTracks__
    self.setSearchResults(tracks, Type.Track)
  File "C:\PythonProjects\tidal-dl\Tidal-Media-Downloader\TIDALDL-PY\tidal_dl\gui.py", line 472, in setSearchResults
    Printf.info(f"self.s_playlist in setSearchResults: {self.s_playlist}")
    ^^^^^^
UnboundLocalError: cannot access local variable 'Printf' where it is not associated with a value

Traceback (most recent call last):
  File "C:\PythonProjects\tidal-dl\Tidal-Media-Downloader\TIDALDL-PY\tidal_dl\gui.py", line 550, in __displayTracks__
    self.setSearchResults(tracks, Type.Track)
  File "C:\PythonProjects\tidal-dl\Tidal-Media-Downloader\TIDALDL-PY\tidal_dl\gui.py", line 389, in setSearchResults
    quality_string = Printf._map_quality(item.audioQuality)
                     ^^^^^^^^^^^^^^^^^^^^^^^^^^^^^^^^^^^^^^
  File "C:\PythonProjects\tidal-dl\Tidal-Media-Downloader\TIDALDL-PY\tidal_dl\printf.py", line 55, in _map_quality
    return Printf._map_track_quality(item)
           ^^^^^^^^^^^^^^^^^^^^^^^^^^^^^^^
  File "C:\PythonProjects\tidal-dl\Tidal-Media-Downloader\TIDALDL-PY\tidal_dl\printf.py", line 64, in _map_track_quality
    return Printf._map_quality_enum(track.audioQuality)
                                    ^^^^^^^^^^^^^^^^^^
AttributeError: 'str' object has no attribute 'audioQuality'

--- 2025-04-11 01:04:29 (via excepthook) ---
Traceback (most recent call last):
  File "C:\PythonProjects\tidal-dl\Tidal-Media-Downloader\TIDALDL-PY\tidal_dl\gui.py", line 1227, in onSpotifyLoginFinished
    Printf.warning("Spotify login failed. Check credentials in settings or console output.")
    ^^^^^^^^^^^^^^
AttributeError: type object 'Printf' has no attribute 'warning'

--- 2025-04-14 20:13:54 (via excepthook) ---
Traceback (most recent call last):
  File "C:\PythonProjects\tidal-dl\Tidal-Media-Downloader\TIDALDL-PY\tidal_dl\gui_settings.py", line 147, in toggle_content
    logging.debug(f'[CollapsibleSection {self.toggle_button.text()}] Expanding. Calculated end_height: {end_height}')
                                                                                                        ^^^^^^^^^^
UnboundLocalError: cannot access local variable 'end_height' where it is not associated with a value

--- 2025-04-14 21:14:09 (via excepthook) ---
Traceback (most recent call last):
  File "C:\PythonProjects\tidal-dl\Tidal-Media-Downloader\TIDALDL-PY\tidal_dl\gui_settings.py", line 767, in toggleSpotifyHelp
    logging.debug(f'[toggleSpotifyHelp] Before toggle: lblSpotifyHelp.isVisible={self.lblSpotifyHelp.isVisible()}, spotify_section.sizeHint={self.spotify_section.sizeHint()}, scroll_widget.sizeHint={scroll_widget.sizeHint()}, scroll_area.verticalScrollBar.isVisible={scroll_area.verticalScrollBar().isVisible()}')
                                                                                                                                                                                                                                                                           ^^^^^^^^^^^^^^^^^^^^^^^^^^^^^
AttributeError: 'QWidget' object has no attribute 'verticalScrollBar'

--- 2025-04-14 23:06:18 ---
Traceback (most recent call last):
  File "C:\PythonProjects\tidal-dl\Tidal-Media-Downloader\TIDALDL-PY\tidal_dl\gui.py", line 941, in startGui
    window = MainView()
             ^^^^^^^^^^
  File "C:\PythonProjects\tidal-dl\Tidal-Media-Downloader\TIDALDL-PY\tidal_dl\gui.py", line 161, in __init__
    self.settingsPage.spotifyCredentialsUpdated.connect(self.spotify_gui_handler.loginSpotify) # Trigger handler's login on update
    ^^^^^^^^^^^^^^^^^^^^^^^^^^^^^^^^^^^^^^^^^^^
AttributeError: 'SettingsPage' object has no attribute 'spotifyCredentialsUpdated'

--- 2025-04-14 23:34:29 ---
Traceback (most recent call last):
  File "C:\PythonProjects\tidal-dl\Tidal-Media-Downloader\TIDALDL-PY\tidal_dl\gui.py", line 936, in startGui
    window = MainView()
             ^^^^^^^^^^
  File "C:\PythonProjects\tidal-dl\Tidal-Media-Downloader\TIDALDL-PY\tidal_dl\gui.py", line 161, in __init__
    self.settingsPage.spotifyCredentialsUpdated.connect(self.spotify_gui_handler.loginSpotify) # Trigger handler's login on update
    ^^^^^^^^^^^^^^^^^^^^^^^^^^^^^^^^^^^^^^^^^^^
AttributeError: 'SettingsPage' object has no attribute 'spotifyCredentialsUpdated'

--- 2025-04-14 23:38:02 ---
Traceback (most recent call last):
  File "C:\PythonProjects\tidal-dl\Tidal-Media-Downloader\TIDALDL-PY\tidal_dl\gui.py", line 937, in startGui
    window = MainView()
             ^^^^^^^^^^
  File "C:\PythonProjects\tidal-dl\Tidal-Media-Downloader\TIDALDL-PY\tidal_dl\gui.py", line 161, in __init__
    self.settingsPage.spotifyCredentialsUpdated.connect(self.spotify_gui_handler.loginSpotify) # Trigger handler's login on update
    ^^^^^^^^^^^^^^^^^^^^^^^^^^^^^^^^^^^^^^^^^^^
AttributeError: 'SettingsPage' object has no attribute 'spotifyCredentialsUpdated'

--- 2025-04-14 23:53:56 ---
Traceback (most recent call last):
  File "C:\PythonProjects\tidal-dl\Tidal-Media-Downloader\TIDALDL-PY\tidal_dl\gui.py", line 937, in startGui
    window = MainView()
             ^^^^^^^^^^
  File "C:\PythonProjects\tidal-dl\Tidal-Media-Downloader\TIDALDL-PY\tidal_dl\gui.py", line 161, in __init__
    self.settingsPage.spotifyCredentialsUpdated.connect(self.spotify_gui_handler.loginSpotify) # Trigger handler's login on update
    ^^^^^^^^^^^^^^^^^^^^^^^^^^^^^^^^^^^^^^^^^^^
AttributeError: 'SettingsPage' object has no attribute 'spotifyCredentialsUpdated'

--- 2025-04-15 00:05:34 ---
Traceback (most recent call last):
  File "C:\PythonProjects\tidal-dl\Tidal-Media-Downloader\TIDALDL-PY\tidal_dl\gui.py", line 937, in startGui
    window = MainView()
             ^^^^^^^^^^
  File "C:\PythonProjects\tidal-dl\Tidal-Media-Downloader\TIDALDL-PY\tidal_dl\gui.py", line 161, in __init__
    self.settingsPage.spotifyCredentialsUpdated.connect(self.spotify_gui_handler.loginSpotify) # Trigger handler's login on update
    ^^^^^^^^^^^^^^^^^^^^^^^^^^^^^^^^^^^^^^^^^^^
AttributeError: 'SettingsPage' object has no attribute 'spotifyCredentialsUpdated'

--- 2025-04-15 00:31:41 ---
Traceback (most recent call last):
  File "C:\PythonProjects\tidal-dl\Tidal-Media-Downloader\TIDALDL-PY\tidal_dl\gui.py", line 937, in startGui
    window = MainView()
             ^^^^^^^^^^
  File "C:\PythonProjects\tidal-dl\Tidal-Media-Downloader\TIDALDL-PY\tidal_dl\gui.py", line 161, in __init__
    self.settingsPage.spotifyCredentialsUpdated.connect(self.spotify_gui_handler.loginSpotify) # Trigger handler's login on update
    ^^^^^^^^^^^^^^^^^^^^^^^^^^^^^^^^^^^^^^^^^^^
AttributeError: 'SettingsPage' object has no attribute 'spotifyCredentialsUpdated'

--- 2025-04-15 00:34:00 ---
Traceback (most recent call last):
  File "C:\PythonProjects\tidal-dl\Tidal-Media-Downloader\TIDALDL-PY\tidal_dl\gui.py", line 940, in startGui
    window = MainView()
             ^^^^^^^^^^
  File "C:\PythonProjects\tidal-dl\Tidal-Media-Downloader\TIDALDL-PY\tidal_dl\gui.py", line 164, in __init__
    self.settingsPage.spotifyCredentialsUpdated.connect(self.spotify_gui_handler.loginSpotify) # Trigger handler's login on update
    ^^^^^^^^^^^^^^^^^^^^^^^^^^^^^^^^^^^^^^^^^^^
AttributeError: 'SettingsPage' object has no attribute 'spotifyCredentialsUpdated'

--- 2025-04-15 00:38:32 ---
Traceback (most recent call last):
  File "C:\PythonProjects\tidal-dl\Tidal-Media-Downloader\TIDALDL-PY\tidal_dl\gui.py", line 940, in startGui
    window = MainView()
             ^^^^^^^^^^
  File "C:\PythonProjects\tidal-dl\Tidal-Media-Downloader\TIDALDL-PY\tidal_dl\gui.py", line 164, in __init__
    self.settingsPage.spotifyCredentialsUpdated.connect(self.spotify_gui_handler.loginSpotify) # Trigger handler's login on update
    ^^^^^^^^^^^^^^^^^^^^^^^^^^^^^^^^^^^^^^^^^^^
AttributeError: 'SettingsPage' object has no attribute 'spotifyCredentialsUpdated'

--- 2025-04-15 00:46:10 ---
Traceback (most recent call last):
  File "C:\PythonProjects\tidal-dl\Tidal-Media-Downloader\TIDALDL-PY\tidal_dl\gui.py", line 940, in startGui
    window = MainView()
             ^^^^^^^^^^
  File "C:\PythonProjects\tidal-dl\Tidal-Media-Downloader\TIDALDL-PY\tidal_dl\gui.py", line 164, in __init__
    self.settingsPage.spotifyCredentialsUpdated.connect(self.spotify_gui_handler.loginSpotify) # Trigger handler's login on update
    ^^^^^^^^^^^^^^^^^^^^^^^^^^^^^^^^^^^^^^^^^^^^^^^^^^^
AttributeError: 'PyQt6.QtCore.pyqtSignal' object has no attribute 'connect'

--- 2025-04-15 01:06:52 ---
Traceback (most recent call last):
  File "C:\PythonProjects\tidal-dl\Tidal-Media-Downloader\TIDALDL-PY\tidal_dl\gui.py", line 937, in startGui
    window = MainView()
             ^^^^^^^^^^
  File "C:\PythonProjects\tidal-dl\Tidal-Media-Downloader\TIDALDL-PY\tidal_dl\gui.py", line 162, in __init__
    self.settingsPage.spotifyCredentialsUpdated.connect(self.spotify_gui_handler.loginSpotify) # Trigger handler's login on update
    ^^^^^^^^^^^^^^^^^^^^^^^^^^^^^^^^^^^^^^^^^^^
AttributeError: 'SettingsPage' object has no attribute 'spotifyCredentialsUpdated'

--- 2025-04-15 01:08:34 ---
Traceback (most recent call last):
  File "C:\PythonProjects\tidal-dl\Tidal-Media-Downloader\TIDALDL-PY\tidal_dl\gui.py", line 940, in startGui
    window = MainView()
             ^^^^^^^^^^
  File "C:\PythonProjects\tidal-dl\Tidal-Media-Downloader\TIDALDL-PY\tidal_dl\gui.py", line 164, in __init__
    self.settingsPage.spotifyCredentialsUpdated.connect(self.spotify_gui_handler.loginSpotify) # Trigger handler's login on update
    ^^^^^^^^^^^^^^^^^^^^^^^^^^^^^^^^^^^^^^^^^^^^^^^^^^^
AttributeError: 'PyQt6.QtCore.pyqtSignal' object has no attribute 'connect'

--- 2025-04-15 01:57:55 ---
Traceback (most recent call last):
  File "C:\PythonProjects\tidal-dl\Tidal-Media-Downloader\TIDALDL-PY\tidal_dl\gui.py", line 942, in startGui
    window = MainView()
             ^^^^^^^^^^
  File "C:\PythonProjects\tidal-dl\Tidal-Media-Downloader\TIDALDL-PY\tidal_dl\gui.py", line 164, in __init__
    self.settingsPage.spotifyCredentialsUpdated.connect(self.spotify_gui_handler.loginSpotify)
    ^^^^^^^^^^^^^^^^^^^^^^^^^^^^^^^^^^^^^^^^^^^^^^^^^^^
AttributeError: 'PyQt6.QtCore.pyqtSignal' object has no attribute 'connect'

--- 2025-04-15 15:43:54 ---
Traceback (most recent call last):
  File "C:\PythonProjects\tidal-dl\Tidal-Media-Downloader\TIDALDL-PY\tidal_dl\gui.py", line 902, in startGui
    window = MainView()
             ^^^^^^^^^^
  File "C:\PythonProjects\tidal-dl\Tidal-Media-Downloader\TIDALDL-PY\tidal_dl\gui.py", line 161, in __init__
    self.linking_gui_handler.requestLinkingStart.connect(self.startLinkingWorker) # Connect handler's request signal to worker start method
                                                         ^^^^^^^^^^^^^^^^^^^^^^^
AttributeError: 'MainView' object has no attribute 'startLinkingWorker'

--- 2025-04-15 15:47:51 ---
Traceback (most recent call last):
  File "C:\PythonProjects\tidal-dl\Tidal-Media-Downloader\TIDALDL-PY\tidal_dl\gui.py", line 902, in startGui
    window.linking_gui_handler.requestLinkingStart.connect(window.startLinkingWorker) # Connect signal here
    ^^^^^^
UnboundLocalError: cannot access local variable 'window' where it is not associated with a value

--- 2025-04-15 18:30:50 (via excepthook) ---
Traceback (most recent call last):
  File "C:\PythonProjects\tidal-dl\Tidal-Media-Downloader\TIDALDL-PY\tidal_dl\gui_download.py", line 93, in startContextMenuDownload
    self.main_view._setupDownloadStartUI() # Call MainView's UI setup
    ^^^^^^^^^^^^^^^^^^^^^^^^^^^^^^^^^^^^^^
  File "C:\PythonProjects\tidal-dl\Tidal-Media-Downloader\TIDALDL-PY\tidal_dl\gui.py", line 577, in _setupDownloadStartUI
    self.setSearchResults(self.s_array, self.s_type)
                                        ^^^^^^^^^^^
AttributeError: 'MainView' object has no attribute 's_type'. Did you mean: 'style'?

--- 2025-04-16 17:15:28 (GUI Startup Error) ---
Traceback (most recent call last):
  File "C:\PythonProjects\tidal-dl\Tidal-Media-Downloader\TIDALDL-PY\tidal_dl\gui.py", line 2146, in startGui
    window.checkLogin()
  File "C:\PythonProjects\tidal-dl\Tidal-Media-Downloader\TIDALDL-PY\tidal_dl\gui.py", line 1511, in checkLogin
    self.spotify_gui_handler.loginSpotify(check_cache_only=True)
TypeError: SpotifyGuiHandler.loginSpotify() got an unexpected keyword argument 'check_cache_only'

--- 2025-04-16 17:27:16 (GUI Startup Error) ---
Traceback (most recent call last):
  File "C:\PythonProjects\tidal-dl\Tidal-Media-Downloader\TIDALDL-PY\tidal_dl\gui.py", line 2146, in startGui
    window.checkLogin()
  File "C:\PythonProjects\tidal-dl\Tidal-Media-Downloader\TIDALDL-PY\tidal_dl\gui.py", line 1511, in checkLogin
    self.spotify_gui_handler.loginSpotify(check_cache_only=True)
TypeError: SpotifyGuiHandler.loginSpotify() got an unexpected keyword argument 'check_cache_only'

--- 2025-04-16 19:13:52 (Unhandled Exception) ---
Traceback (most recent call last):
  File "C:\PythonProjects\tidal-dl\Tidal-Media-Downloader\TIDALDL-PY\tidal_dl\gui.py", line 475, in startLinkingWorker
    self.linking_worker = LinkingWorker(TIDAL_API, tracks_to_link_data, self.link_persistence_manager)
                          ^^^^^^^^^^^^^^^^^^^^^^^^^^^^^^^^^^^^^^^^^^^^^^^^^^^^^^^^^^^^^^^^^^^^^^^^^^^^
TypeError: LinkingWorker.__init__() takes 3 positional arguments but 4 were given

--- 2025-04-16 19:53:08 (Unhandled Exception) ---
Traceback (most recent call last):
  File "C:\PythonProjects\tidal-dl\Tidal-Media-Downloader\TIDALDL-PY\tidal_dl\gui.py", line 1068, in trackTableContextMenu
    self.download_handler.downloadTableContextMenu(pos)
  File "C:\PythonProjects\tidal-dl\Tidal-Media-Downloader\TIDALDL-PY\tidal_dl\gui_download.py", line 146, in downloadTableContextMenu
    if status_data.get('link_status') == 'found':
       ^^^^^^^^^^^^^^^
AttributeError: 'NoneType' object has no attribute 'get'

--- 2025-04-16 20:25:00 (Unhandled Exception) ---
Traceback (most recent call last):
  File "<frozen runpy>", line 198, in _run_module_as_main
  File "<frozen runpy>", line 88, in _run_code
  File "C:\PythonProjects\tidal-dl\.venv\Scripts\tidal-dl.exe\__main__.py", line 7, in <module>
    sys.exit(main())
             ^^^^^^
  File "C:\PythonProjects\tidal-dl\Tidal-Media-Downloader\TIDALDL-PY\tidal_dl\__init__.py", line 78, in main
    setup_logging() # Initialize logging configuration
    ^^^^^^^^^^^^^^^
  File "C:\PythonProjects\tidal-dl\Tidal-Media-Downloader\TIDALDL-PY\tidal_dl\logging_config.py", line 122, in setup_logging
    logger.addHandler(console_handler)
                      ^^^^^^^^^^^^^^^
UnboundLocalError: cannot access local variable 'console_handler' where it is not associated with a value

--- 2025-04-16 21:12:11 (Unhandled Exception) ---
Traceback (most recent call last):
  File "<frozen runpy>", line 198, in _run_module_as_main
  File "<frozen runpy>", line 88, in _run_code
  File "C:\PythonProjects\tidal-dl\.venv\Scripts\tidal-dl.exe\__main__.py", line 4, in <module>
    from tidal_dl.__init__ import main
  File "C:\PythonProjects\tidal-dl\Tidal-Media-Downloader\TIDALDL-PY\tidal_dl\__init__.py", line 24, in <module>
    from .logging_config import check_logging_state # Import the check function
    ^^^^^^^^^^^^^^^^^^^^^^^^^^^^^^^^^^^^^^^^^^^^^^^
ImportError: cannot import name 'check_logging_state' from 'tidal_dl.logging_config' (C:\PythonProjects\tidal-dl\Tidal-Media-Downloader\TIDALDL-PY\tidal_dl\logging_config.py)

--- 2025-04-18 05:40:22 (Unhandled Exception) ---
Traceback (most recent call last):
  File "C:\PythonProjects\tidal-dl\Tidal-Media-Downloader\TIDALDL-PY\tidal_dl\gui_download.py", line 110, in <lambda>
    QtCore.QTimer.singleShot(0, lambda: self._show_download_context_menu_deferred(pos))
                                        ^^^^^^^^^^^^^^^^^^^^^^^^^^^^^^^^^^^^^^^^^^^^^^
  File "C:\PythonProjects\tidal-dl\Tidal-Media-Downloader\TIDALDL-PY\tidal_dl\gui_download.py", line 143, in _show_download_context_menu_deferred
    if status_data.get('link_status') == 'found':
       ^^^^^^^^^^^^^^^
AttributeError: 'NoneType' object has no attribute 'get'

--- 2025-04-18 23:49:01 (GUI Startup Error) ---
Traceback (most recent call last):
  File "C:\PythonProjects\tidal-dl\Tidal-Media-Downloader\TIDALDL-PY\tidal_dl\gui.py", line 2202, in startGui
    window.checkLogin()
  File "C:\PythonProjects\tidal-dl\Tidal-Media-Downloader\TIDALDL-PY\tidal_dl\gui.py", line 1557, in checkLogin
    if SETTINGS.spotifyAutoLogin:
       ^^^^^^^^^^^^^^^^^^^^^^^^^
AttributeError: 'Settings' object has no attribute 'spotifyAutoLogin'

--- 2025-04-19 03:46:47 (GUI Startup Error) ---
Traceback (most recent call last):
  File "C:\PythonProjects\tidal-dl\Tidal-Media-Downloader\TIDALDL-PY\tidal_dl\gui.py", line 2180, in startGui
    window = MainView()
             ^^^^^^^^^^
  File "C:\PythonProjects\tidal-dl\Tidal-Media-Downloader\TIDALDL-PY\tidal_dl\gui.py", line 385, in __init__
    self._connectSignals()
  File "C:\PythonProjects\tidal-dl\Tidal-Media-Downloader\TIDALDL-PY\tidal_dl\gui.py", line 400, in _connectSignals
    self.s_linkingFinished.connect(self.linking_gui_handler.onLinkingFinished)
TypeError: decorated slot has no signature compatible with MainView.s_linkingFinished[int, object, object]

--- 2025-04-19 06:25:24 (Unhandled Exception) ---
Traceback (most recent call last):
  File "C:\PythonProjects\tidal-dl\Tidal-Media-Downloader\TIDALDL-PY\tidal_dl\gui_table.py", line 413, in resizeEvent
    self._resize_log_timer.stop()
    ^^^^^^^^^^^^^^^^^^^^^^
AttributeError: 'SplitterTable' object has no attribute '_resize_log_timer'

--- 2025-04-19 06:25:31 (Unhandled Exception) ---
Traceback (most recent call last):
  File "C:\PythonProjects\tidal-dl\Tidal-Media-Downloader\TIDALDL-PY\tidal_dl\gui_table.py", line 413, in resizeEvent
    self._resize_log_timer.stop()
    ^^^^^^^^^^^^^^^^^^^^^^
AttributeError: 'SplitterTable' object has no attribute '_resize_log_timer'

--- 2025-04-19 06:35:19 (Unhandled Exception) ---
Traceback (most recent call last):
  File "C:\PythonProjects\tidal-dl\Tidal-Media-Downloader\TIDALDL-PY\tidal_dl\gui_download.py", line 110, in <lambda>
    QtCore.QTimer.singleShot(0, lambda: self._show_download_context_menu_deferred(pos))
                                        ^^^^^^^^^^^^^^^^^^^^^^^^^^^^^^^^^^^^^^^^^^^^^^
  File "C:\PythonProjects\tidal-dl\Tidal-Media-Downloader\TIDALDL-PY\tidal_dl\gui_download.py", line 143, in _show_download_context_menu_deferred
    if status_data.get('link_status') == 'found':
       ^^^^^^^^^^^^^^^
AttributeError: 'NoneType' object has no attribute 'get'

--- 2025-04-19 22:39:47 (Unhandled Exception) ---
Traceback (most recent call last):
  File "C:\PythonProjects\tidal-dl\Tidal-Media-Downloader\TIDALDL-PY\tidal_dl\gui_download.py", line 110, in <lambda>
    QtCore.QTimer.singleShot(0, lambda: self._show_download_context_menu_deferred(pos))
                                        ^^^^^^^^^^^^^^^^^^^^^^^^^^^^^^^^^^^^^^^^^^^^^^
  File "C:\PythonProjects\tidal-dl\Tidal-Media-Downloader\TIDALDL-PY\tidal_dl\gui_download.py", line 143, in _show_download_context_menu_deferred
    if status_data.get('link_status') == 'found':
       ^^^^^^^^^^^^^^^
AttributeError: 'NoneType' object has no attribute 'get'

--- 2025-04-20 15:13:32 (Unhandled Exception) ---
Traceback (most recent call last):
  File "C:\PythonProjects\tidal-dl\Tidal-Media-Downloader\TIDALDL-PY\tidal_dl\gui_download.py", line 295, in _start_download_from_selection
    logging.warning(f"[GUI download] Row {row_index}: Retrieved object for cached ID {tidal_track_id} is not a valid Track instance (Type: {type(tidal_track)}). Skipping.")
                                                                                      ^^^^^^^^^^^^^^
UnboundLocalError: cannot access local variable 'tidal_track_id' where it is not associated with a value

--- 2025-04-20 15:20:56 (Unhandled Exception) ---
Traceback (most recent call last):
  File "C:\PythonProjects\tidal-dl\Tidal-Media-Downloader\TIDALDL-PY\tidal_dl\gui_download.py", line 358, in _start_download_from_selection
    logging.warning(f"[GUI download] Row {row_index}: Retrieved object for cached ID {tidal_track_id} is not a valid Track instance (Type: {type(tidal_track)}). Skipping.")
                                                                                      ^^^^^^^^^^^^^^
UnboundLocalError: cannot access local variable 'tidal_track_id' where it is not associated with a value

--- 2025-04-20 15:50:03 (Unhandled Exception) ---
Traceback (most recent call last):
  File "C:\PythonProjects\tidal-dl\Tidal-Media-Downloader\TIDALDL-PY\tidal_dl\gui_download.py", line 110, in <lambda>
    QtCore.QTimer.singleShot(0, lambda: self._show_download_context_menu_deferred(pos))
                                        ^^^^^^^^^^^^^^^^^^^^^^^^^^^^^^^^^^^^^^^^^^^^^^
  File "C:\PythonProjects\tidal-dl\Tidal-Media-Downloader\TIDALDL-PY\tidal_dl\gui_download.py", line 271, in _show_download_context_menu_deferred
    menu. Exec(global_pos)
    ^^^^^^^^^^
AttributeError: 'QMenu' object has no attribute 'Exec'. Did you mean: 'exec'?

--- 2025-04-21 03:53:45 (GUI Startup Error) ---
Traceback (most recent call last):
  File "C:\PythonProjects\tidal-dl\Tidal-Media-Downloader\TIDALDL-PY\tidal_dl\gui.py", line 2588, in startGui
    font_db = QFontDatabase()
              ^^^^^^^^^^^^^^^
TypeError: QFontDatabase(a0: QFontDatabase): not enough arguments

--- 2025-04-21 03:53:45 (Unhandled Exception) ---
Traceback (most recent call last):
  File "C:\PythonProjects\tidal-dl\Tidal-Media-Downloader\TIDALDL-PY\tidal_dl\gui.py", line 2588, in startGui
    font_db = QFontDatabase()
              ^^^^^^^^^^^^^^^
TypeError: QFontDatabase(a0: QFontDatabase): not enough arguments

During handling of the above exception, another exception occurred:

Traceback (most recent call last):
  File "<frozen runpy>", line 198, in _run_module_as_main
  File "<frozen runpy>", line 88, in _run_code
  File "C:\PythonProjects\tidal-dl\.venv\Scripts\tidal-dl.exe\__main__.py", line 7, in <module>
    sys.exit(main())
             ^^^^^^
  File "C:\PythonProjects\tidal-dl\Tidal-Media-Downloader\TIDALDL-PY\tidal_dl\__init__.py", line 85, in main
    mainCommand()
  File "C:\PythonProjects\tidal-dl\Tidal-Media-Downloader\TIDALDL-PY\tidal_dl\__init__.py", line 68, in mainCommand
    startGui()
  File "C:\PythonProjects\tidal-dl\Tidal-Media-Downloader\TIDALDL-PY\tidal_dl\gui.py", line 2659, in startGui
    font_db = QFontDatabase()
              ^^^^^^^^^^^^^^^
TypeError: QFontDatabase(a0: QFontDatabase): not enough arguments

--- 2025-04-21 03:59:00 (GUI Startup Error) ---
Traceback (most recent call last):
  File "C:\PythonProjects\tidal-dl\Tidal-Media-Downloader\TIDALDL-PY\tidal_dl\gui.py", line 2596, in startGui
    app.setStyleSheet(base_style + scrollbar_stylesheet + widget_stylesheet) # Combine all stylesheets
                                                          ^^^^^^^^^^^^^^^^^
NameError: name 'widget_stylesheet' is not defined

--- 2025-04-21 03:59:00 (Unhandled Exception) ---
Traceback (most recent call last):
  File "C:\PythonProjects\tidal-dl\Tidal-Media-Downloader\TIDALDL-PY\tidal_dl\gui.py", line 2596, in startGui
    app.setStyleSheet(base_style + scrollbar_stylesheet + widget_stylesheet) # Combine all stylesheets
                                                          ^^^^^^^^^^^^^^^^^
NameError: name 'widget_stylesheet' is not defined

During handling of the above exception, another exception occurred:

Traceback (most recent call last):
  File "<frozen runpy>", line 198, in _run_module_as_main
  File "<frozen runpy>", line 88, in _run_code
  File "C:\PythonProjects\tidal-dl\.venv\Scripts\tidal-dl.exe\__main__.py", line 7, in <module>
    sys.exit(main())
             ^^^^^^
  File "C:\PythonProjects\tidal-dl\Tidal-Media-Downloader\TIDALDL-PY\tidal_dl\__init__.py", line 85, in main
    mainCommand()
  File "C:\PythonProjects\tidal-dl\Tidal-Media-Downloader\TIDALDL-PY\tidal_dl\__init__.py", line 68, in mainCommand
    startGui()
  File "C:\PythonProjects\tidal-dl\Tidal-Media-Downloader\TIDALDL-PY\tidal_dl\gui.py", line 2683, in startGui
    font_db = QFontDatabase()
              ^^^^^^^^^^^^^^^
TypeError: QFontDatabase(a0: QFontDatabase): not enough arguments

--- 2025-04-21 18:41:30 (GUI Startup Error) ---
Traceback (most recent call last):
  File "C:\PythonProjects\tidal-dl\Tidal-Media-Downloader\TIDALDL-PY\tidal_dl\gui.py", line 2791, in startGui
    window = MainView()
             ^^^^^^^^^^
  File "C:\PythonProjects\tidal-dl\Tidal-Media-Downloader\TIDALDL-PY\tidal_dl\gui.py", line 377, in __init__
    self.initView() # Call the UI setup method.
    ^^^^^^^^^^^^^^^
  File "C:\PythonProjects\tidal-dl\Tidal-Media-Downloader\TIDALDL-PY\tidal_dl\gui.py", line 859, in initView
    self.tidal_menu_button.clicked.connect(self._showTidalPlaylistMenu) # Slot to be implemented later
                                           ^^^^^^^^^^^^^^^^^^^^^^^^^^^
AttributeError: 'MainView' object has no attribute '_showTidalPlaylistMenu'

--- 2025-04-21 18:41:30 (Unhandled Exception) ---
Traceback (most recent call last):
  File "C:\PythonProjects\tidal-dl\Tidal-Media-Downloader\TIDALDL-PY\tidal_dl\gui.py", line 2791, in startGui
    window = MainView()
             ^^^^^^^^^^
  File "C:\PythonProjects\tidal-dl\Tidal-Media-Downloader\TIDALDL-PY\tidal_dl\gui.py", line 377, in __init__
    self.initView() # Call the UI setup method.
    ^^^^^^^^^^^^^^^
  File "C:\PythonProjects\tidal-dl\Tidal-Media-Downloader\TIDALDL-PY\tidal_dl\gui.py", line 859, in initView
    self.tidal_menu_button.clicked.connect(self._showTidalPlaylistMenu) # Slot to be implemented later
                                           ^^^^^^^^^^^^^^^^^^^^^^^^^^^
AttributeError: 'MainView' object has no attribute '_showTidalPlaylistMenu'

During handling of the above exception, another exception occurred:

Traceback (most recent call last):
  File "<frozen runpy>", line 198, in _run_module_as_main
  File "<frozen runpy>", line 88, in _run_code
  File "C:\PythonProjects\tidal-dl\.venv\Scripts\tidal-dl.exe\__main__.py", line 7, in <module>
    sys.exit(main())
             ^^^^^^
  File "C:\PythonProjects\tidal-dl\Tidal-Media-Downloader\TIDALDL-PY\tidal_dl\__init__.py", line 85, in main
    mainCommand()
  File "C:\PythonProjects\tidal-dl\Tidal-Media-Downloader\TIDALDL-PY\tidal_dl\__init__.py", line 68, in mainCommand
    startGui()
  File "C:\PythonProjects\tidal-dl\Tidal-Media-Downloader\TIDALDL-PY\tidal_dl\gui.py", line 2833, in startGui
    font_db = QFontDatabase()
              ^^^^^^^^^^^^^^^
TypeError: QFontDatabase(a0: QFontDatabase): not enough arguments

--- 2025-04-21 19:57:56 (GUI Startup Error) ---
Traceback (most recent call last):
  File "C:\PythonProjects\tidal-dl\Tidal-Media-Downloader\TIDALDL-PY\tidal_dl\gui.py", line 2793, in startGui
    window = MainView()
             ^^^^^^^^^^
  File "C:\PythonProjects\tidal-dl\Tidal-Media-Downloader\TIDALDL-PY\tidal_dl\gui.py", line 377, in __init__
    self.initView() # Call the UI setup method.
    ^^^^^^^^^^^^^
AttributeError: 'MainView' object has no attribute 'initView'

--- 2025-04-21 20:18:44 (GUI Startup Error) ---
Traceback (most recent call last):
  File "C:\PythonProjects\tidal-dl\Tidal-Media-Downloader\TIDALDL-PY\tidal_dl\gui.py", line 2793, in startGui
    window = MainView()
             ^^^^^^^^^^
  File "C:\PythonProjects\tidal-dl\Tidal-Media-Downloader\TIDALDL-PY\tidal_dl\gui.py", line 377, in __init__
    self.initView() # Call the UI setup method.
    ^^^^^^^^^^^^^^^
  File "C:\PythonProjects\tidal-dl\Tidal-Media-Downloader\TIDALDL-PY\tidal_dl\gui.py", line 539, in initView
    self.tidal_menu_button.clicked.connect(self._showTidalPlaylistMenu) # Slot to be implemented later
                                           ^^^^^^^^^^^^^^^^^^^^^^^^^^^
AttributeError: 'MainView' object has no attribute '_showTidalPlaylistMenu'

--- 2025-04-21 22:01:33 (GUI Startup Error) ---
Traceback (most recent call last):
  File "C:\PythonProjects\tidal-dl\Tidal-Media-Downloader\TIDALDL-PY\tidal_dl\gui.py", line 2795, in startGui
    window = MainView()
             ^^^^^^^^^^
  File "C:\PythonProjects\tidal-dl\Tidal-Media-Downloader\TIDALDL-PY\tidal_dl\gui.py", line 377, in __init__
    self.initView() # Call the UI setup method.
    ^^^^^^^^^^^^^
AttributeError: 'MainView' object has no attribute 'initView'

--- 2025-04-21 22:05:23 (GUI Startup Error) ---
Traceback (most recent call last):
  File "C:\PythonProjects\tidal-dl\Tidal-Media-Downloader\TIDALDL-PY\tidal_dl\gui.py", line 2795, in startGui
    window = MainView()
             ^^^^^^^^^^
  File "C:\PythonProjects\tidal-dl\Tidal-Media-Downloader\TIDALDL-PY\tidal_dl\gui.py", line 377, in __init__
    self.initView() # Call the UI setup method.
    ^^^^^^^^^^^^^
AttributeError: 'MainView' object has no attribute 'initView'

--- 2025-04-22 01:28:55 (GUI Startup Error) ---
Traceback (most recent call last):
  File "C:\PythonProjects\tidal-dl\Tidal-Media-Downloader\TIDALDL-PY\tidal_dl\gui.py", line 2795, in startGui
    window = MainView()
             ^^^^^^^^^^
  File "C:\PythonProjects\tidal-dl\Tidal-Media-Downloader\TIDALDL-PY\tidal_dl\gui.py", line 377, in __init__
    self.initView() # Call the UI setup method.
    ^^^^^^^^^^^^^
AttributeError: 'MainView' object has no attribute 'initView'

--- 2025-04-22 02:50:17 (GUI Startup Error) ---
Traceback (most recent call last):
  File "C:\PythonProjects\tidal-dl\Tidal-Media-Downloader\TIDALDL-PY\tidal_dl\gui.py", line 2782, in startGui
    window = MainView()
             ^^^^^^^^^^
  File "C:\PythonProjects\tidal-dl\Tidal-Media-Downloader\TIDALDL-PY\tidal_dl\gui.py", line 643, in __init__
    self._connectSignals()
  File "C:\PythonProjects\tidal-dl\Tidal-Media-Downloader\TIDALDL-PY\tidal_dl\gui.py", line 773, in _connectSignals
    self.btnRefresh.clicked.connect(self.refreshAccount) # Refresh Tidal playlists
    ^^^^^^^^^^^^^^^
AttributeError: 'MainView' object has no attribute 'btnRefresh'

--- 2025-04-22 02:50:37 (GUI Startup Error) ---
Traceback (most recent call last):
  File "C:\PythonProjects\tidal-dl\Tidal-Media-Downloader\TIDALDL-PY\tidal_dl\gui.py", line 2782, in startGui
    window = MainView()
             ^^^^^^^^^^
  File "C:\PythonProjects\tidal-dl\Tidal-Media-Downloader\TIDALDL-PY\tidal_dl\gui.py", line 643, in __init__
    self._connectSignals()
  File "C:\PythonProjects\tidal-dl\Tidal-Media-Downloader\TIDALDL-PY\tidal_dl\gui.py", line 775, in _connectSignals
    self.btnSpotifyLogin.clicked.connect(self.spotify_gui_handler.loginSpotify) # Trigger Spotify login
    ^^^^^^^^^^^^^^^^^^^^
AttributeError: 'MainView' object has no attribute 'btnSpotifyLogin'

--- 2025-04-22 02:51:02 (GUI Startup Error) ---
Traceback (most recent call last):
  File "C:\PythonProjects\tidal-dl\Tidal-Media-Downloader\TIDALDL-PY\tidal_dl\gui.py", line 2782, in startGui
    window = MainView()
             ^^^^^^^^^^
  File "C:\PythonProjects\tidal-dl\Tidal-Media-Downloader\TIDALDL-PY\tidal_dl\gui.py", line 643, in __init__
    self._connectSignals()
  File "C:\PythonProjects\tidal-dl\Tidal-Media-Downloader\TIDALDL-PY\tidal_dl\gui.py", line 775, in _connectSignals
    self.btnSpotifyLogin.clicked.connect(self.spotify_gui_handler.loginSpotify) # Trigger Spotify login
    ^^^^^^^^^^^^^^^^^^^^
AttributeError: 'MainView' object has no attribute 'btnSpotifyLogin'

--- 2025-04-22 02:51:21 (GUI Startup Error) ---
Traceback (most recent call last):
  File "C:\PythonProjects\tidal-dl\Tidal-Media-Downloader\TIDALDL-PY\tidal_dl\gui.py", line 2782, in startGui
    window = MainView()
             ^^^^^^^^^^
  File "C:\PythonProjects\tidal-dl\Tidal-Media-Downloader\TIDALDL-PY\tidal_dl\gui.py", line 643, in __init__
    self._connectSignals()
  File "C:\PythonProjects\tidal-dl\Tidal-Media-Downloader\TIDALDL-PY\tidal_dl\gui.py", line 776, in _connectSignals
    self.btnRefreshSpotify.clicked.connect(self.spotify_gui_handler.refreshSpotifyPlaylists) # Trigger Spotify refresh
    ^^^^^^^^^^^^^^^^^^^^^^
AttributeError: 'MainView' object has no attribute 'btnRefreshSpotify'

--- 2025-04-22 02:51:40 (GUI Startup Error) ---
Traceback (most recent call last):
  File "C:\PythonProjects\tidal-dl\Tidal-Media-Downloader\TIDALDL-PY\tidal_dl\gui.py", line 2789, in startGui
    window.checkLogin()
  File "C:\PythonProjects\tidal-dl\Tidal-Media-Downloader\TIDALDL-PY\tidal_dl\gui.py", line 1753, in checkLogin
    self.spotify_gui_handler.loginSpotify() # ADDED/UNCOMMENTED: Trigger login
    ^^^^^^^^^^^^^^^^^^^^^^^^^^^^^^^^^^^^^^^
  File "C:\PythonProjects\tidal-dl\Tidal-Media-Downloader\TIDALDL-PY\tidal_dl\spotify.py", line 568, in loginSpotify
    self.main_view.btnSpotifyLogin.setEnabled(False)
    ^^^^^^^^^^^^^^^^^^^^^^^^^^^^^^
AttributeError: 'MainView' object has no attribute 'btnSpotifyLogin'

--- 2025-04-22 03:04:58 (GUI Startup Error) ---
Traceback (most recent call last):
  File "C:\PythonProjects\tidal-dl\Tidal-Media-Downloader\TIDALDL-PY\tidal_dl\gui.py", line 2789, in startGui
    window.checkLogin()
  File "C:\PythonProjects\tidal-dl\Tidal-Media-Downloader\TIDALDL-PY\tidal_dl\gui.py", line 1753, in checkLogin
    self.spotify_gui_handler.loginSpotify() # ADDED/UNCOMMENTED: Trigger login
    ^^^^^^^^^^^^^^^^^^^^^^^^^^^^^^^^^^^^^^^
  File "C:\PythonProjects\tidal-dl\Tidal-Media-Downloader\TIDALDL-PY\tidal_dl\spotify.py", line 568, in loginSpotify
    self.main_view.btnSpotifyLogin.setEnabled(False)
    ^^^^^^^^^^^^^^^^^^^^^^^^^^^^^^
AttributeError: 'MainView' object has no attribute 'btnSpotifyLogin'

--- 2025-04-22 03:09:00 (Unhandled Exception) ---
Traceback (most recent call last):
  File "C:\PythonProjects\tidal-dl\Tidal-Media-Downloader\TIDALDL-PY\tidal_dl\spotify.py", line 612, in onSpotifyLoginFinished
    self.main_view._updateSpotifyRootItem(logged_in=bool(auth_result))
  File "C:\PythonProjects\tidal-dl\Tidal-Media-Downloader\TIDALDL-PY\tidal_dl\gui.py", line 1095, in _updateSpotifyRootItem
    item.setText(0, " Spotify Playlists") # Add space back
    ^^^^
UnboundLocalError: cannot access local variable 'item' where it is not associated with a value

--- 2025-04-22 03:09:23 (Unhandled Exception) ---
Traceback (most recent call last):
  File "C:\PythonProjects\tidal-dl\Tidal-Media-Downloader\TIDALDL-PY\tidal_dl\spotify.py", line 654, in refreshSpotifyPlaylists
    self.main_view.btnRefreshSpotify.setEnabled(False)
    ^^^^^^^^^^^^^^^^^^^^^^^^^^^^^^^^
AttributeError: 'MainView' object has no attribute 'btnRefreshSpotify'

--- 2025-04-22 03:15:52 (Unhandled Exception) ---
Traceback (most recent call last):
  File "C:\PythonProjects\tidal-dl\Tidal-Media-Downloader\TIDALDL-PY\tidal_dl\spotify.py", line 619, in onSpotifyLoginFinished
    self.main_view.spotifyButtonStack.setCurrentIndex(1)
    ^^^^^^^^^^^^^^^^^^^^^^^^^^^^^^^^^
AttributeError: 'MainView' object has no attribute 'spotifyButtonStack'

--- 2025-04-22 16:57:54 (GUI Startup Error) ---
Traceback (most recent call last):
  File "C:\PythonProjects\tidal-dl\Tidal-Media-Downloader\TIDALDL-PY\tidal_dl\gui.py", line 2827, in startGui
    window = MainView()
             ^^^^^^^^^^
  File "C:\PythonProjects\tidal-dl\Tidal-Media-Downloader\TIDALDL-PY\tidal_dl\gui.py", line 639, in __init__
    self.initView() # Call the UI setup method.
    ^^^^^^^^^^^^^^^
  File "C:\PythonProjects\tidal-dl\Tidal-Media-Downloader\TIDALDL-PY\tidal_dl\gui.py", line 426, in initView
    header.setColumnWidth(1, 35) # Use setColumnWidth for initial size
    ^^^^^^^^^^^^^^^^^^^^^
AttributeError: 'QHeaderView' object has no attribute 'setColumnWidth'

--- 2025-04-22 17:02:03 (GUI Startup Error) ---
Traceback (most recent call last):
  File "C:\PythonProjects\tidal-dl\Tidal-Media-Downloader\TIDALDL-PY\tidal_dl\gui.py", line 2853, in startGui
    window = MainView()
             ^^^^^^^^^^
  File "C:\PythonProjects\tidal-dl\Tidal-Media-Downloader\TIDALDL-PY\tidal_dl\gui.py", line 648, in __init__
    self.initView() # Call the UI setup method.
    ^^^^^^^^^^^^^^^
  File "C:\PythonProjects\tidal-dl\Tidal-Media-Downloader\TIDALDL-PY\tidal_dl\gui.py", line 554, in initView
    sizes = mainSplitter.sizes()
            ^^^^^^^^^^^^
UnboundLocalError: cannot access local variable 'mainSplitter' where it is not associated with a value

--- 2025-04-22 17:35:08 (GUI Startup Error) ---
Traceback (most recent call last):
  File "C:\PythonProjects\tidal-dl\Tidal-Media-Downloader\TIDALDL-PY\tidal_dl\gui.py", line 2804, in startGui
    window = MainView()
             ^^^^^^^^^^
  File "C:\PythonProjects\tidal-dl\Tidal-Media-Downloader\TIDALDL-PY\tidal_dl\gui.py", line 656, in __init__
    self.debug_timer.timeout.connect(self._logColumnSizesAfterDelay)
                                     ^^^^^^^^^^^^^^^^^^^^^^^^^^^^^^
AttributeError: 'MainView' object has no attribute '_logColumnSizesAfterDelay'

--- 2025-04-22 17:44:05 (GUI Startup Error) ---
Traceback (most recent call last):
  File "C:\PythonProjects\tidal-dl\Tidal-Media-Downloader\TIDALDL-PY\tidal_dl\gui.py", line 2804, in startGui
    window.checkLogin()
  File "C:\PythonProjects\tidal-dl\Tidal-Media-Downloader\TIDALDL-PY\tidal_dl\gui.py", line 1771, in checkLogin
    self.__showSelfPlaylists__()
  File "C:\PythonProjects\tidal-dl\Tidal-Media-Downloader\TIDALDL-PY\tidal_dl\gui.py", line 1912, in __showSelfPlaylists__
    if not self.tidal_playlists_root:
           ^^^^^^^^^^^^^^^^^^^^^^^^^
AttributeError: 'MainView' object has no attribute 'tidal_playlists_root'

--- 2025-04-22 18:21:54 (GUI Startup Error) ---
Traceback (most recent call last):
  File "C:\PythonProjects\tidal-dl\Tidal-Media-Downloader\TIDALDL-PY\tidal_dl\gui.py", line 2793, in startGui
    window.checkLogin()
  File "C:\PythonProjects\tidal-dl\Tidal-Media-Downloader\TIDALDL-PY\tidal_dl\gui.py", line 1776, in checkLogin
    self._updateSpotifyRootItem(logged_in=None) # ADDED: Show loading state
    ^^^^^^^^^^^^^^^^^^^^^^^^^^^^^^^^^^^^^^^^^^^
  File "C:\PythonProjects\tidal-dl\Tidal-Media-Downloader\TIDALDL-PY\tidal_dl\gui.py", line 1084, in _updateSpotifyRootItem
    item = self.spotify_playlists_root # Assign item here
           ^^^^^^^^^^^^^^^^^^^^^^^^^^^
AttributeError: 'MainView' object has no attribute 'spotify_playlists_root'

--- 2025-04-22 18:25:46 (Unhandled Exception) ---
Traceback (most recent call last):
  File "C:\PythonProjects\tidal-dl\Tidal-Media-Downloader\TIDALDL-PY\tidal_dl\spotify.py", line 625, in onSpotifyLoginFinished
    self.fetchSpotifyPlaylists() # Trigger playlist fetch
    ^^^^^^^^^^^^^^^^^^^^^^^^^^^^
  File "C:\PythonProjects\tidal-dl\Tidal-Media-Downloader\TIDALDL-PY\tidal_dl\spotify.py", line 666, in fetchSpotifyPlaylists
    if self.main_view.spotify_playlists_root:
       ^^^^^^^^^^^^^^^^^^^^^^^^^^^^^^^^^^^^^
AttributeError: 'MainView' object has no attribute 'spotify_playlists_root'

--- 2025-04-22 18:28:13 (Unhandled Exception) ---
Traceback (most recent call last):
  File "C:\PythonProjects\tidal-dl\Tidal-Media-Downloader\TIDALDL-PY\tidal_dl\spotify.py", line 625, in onSpotifyLoginFinished
    self.fetchSpotifyPlaylists() # Trigger playlist fetch
    ^^^^^^^^^^^^^^^^^^^^^^^^^^^^
  File "C:\PythonProjects\tidal-dl\Tidal-Media-Downloader\TIDALDL-PY\tidal_dl\spotify.py", line 666, in fetchSpotifyPlaylists
    if self.main_view.spotify_playlists_root:
       ^^^^^^^^^^^^^^^^^^^^^^^^^^^^^^^^^^^^^
AttributeError: 'MainView' object has no attribute 'spotify_playlists_root'

--- 2025-04-22 19:03:37 (Unhandled Exception) ---
Traceback (most recent call last):
  File "C:\PythonProjects\tidal-dl\Tidal-Media-Downloader\TIDALDL-PY\tidal_dl\gui.py", line 2482, in _onSpotifyScroll
    self._loadVisibleSpotifyIcons(self.spotify_playlists_root)
                                  ^^^^^^^^^^^^^^^^^^^^^^^^^^^
AttributeError: 'MainView' object has no attribute 'spotify_playlists_root'

--- 2025-04-22 19:31:36 (Unhandled Exception) ---
Traceback (most recent call last):
  File "C:\PythonProjects\tidal-dl\Tidal-Media-Downloader\TIDALDL-PY\tidal_dl\gui.py", line 2482, in _onSpotifyScroll
    self._loadVisibleSpotifyIcons(self.spotify_playlists_root)
                                  ^^^^^^^^^^^^^^^^^^^^^^^^^^^
AttributeError: 'MainView' object has no attribute 'spotify_playlists_root'

--- 2025-04-23 13:29:14 (Unhandled Exception) ---
Traceback (most recent call last):
  File "C:\PythonProjects\tidal-dl\Tidal-Media-Downloader\TIDALDL-PY\tidal_dl\gui.py", line 1307, in playlistContextMenu
AttributeError: 'MainView' object has no attribute 'tidal_playlists_root'

--- 2025-04-23 13:29:20 (Unhandled Exception) ---
Traceback (most recent call last):
  File "C:\PythonProjects\tidal-dl\Tidal-Media-Downloader\TIDALDL-PY\tidal_dl\gui.py", line 2083, in onPlaylistItemClicked
    item (QTreeWidgetItem): The tree widget item that was clicked.
           ^^^^^^^^^^^^^^^^^^^^^^^^^
AttributeError: 'MainView' object has no attribute 'tidal_playlists_root'

--- 2025-04-23 13:49:11 (GUI Startup Error) ---
Traceback (most recent call last):
  File "C:\PythonProjects\tidal-dl\Tidal-Media-Downloader\TIDALDL-PY\tidal_dl\gui.py", line 2799, in startGui
    window = MainView()
             ^^^^^^^^^^
  File "C:\PythonProjects\tidal-dl\Tidal-Media-Downloader\TIDALDL-PY\tidal_dl\gui.py", line 619, in __init__
    self.initView() # Call the UI setup method.
    ^^^^^^^^^^^^^^^
  File "C:\PythonProjects\tidal-dl\Tidal-Media-Downloader\TIDALDL-PY\tidal_dl\gui.py", line 393, in initView
    sys.stdout = EmittingStream(textWritten=self.__output__)
                                            ^^^^^^^^^^^^^^^
AttributeError: 'MainView' object has no attribute '__output__'

--- 2025-04-23 14:00:20 (GUI Startup Error) ---
Traceback (most recent call last):
  File "C:\PythonProjects\tidal-dl\Tidal-Media-Downloader\TIDALDL-PY\tidal_dl\gui.py", line 2804, in startGui
    window = MainView()
             ^^^^^^^^^^
  File "C:\PythonProjects\tidal-dl\Tidal-Media-Downloader\TIDALDL-PY\tidal_dl\gui.py", line 624, in __init__
    self.initView() # Call the UI setup method.
    ^^^^^^^^^^^^^^^
  File "C:\PythonProjects\tidal-dl\Tidal-Media-Downloader\TIDALDL-PY\tidal_dl\gui.py", line 394, in initView
    stdout_stream.textWritten.connect(self.__output__)
                                      ^^^^^^^^^^^^^^^
AttributeError: 'MainView' object has no attribute '__output__'

--- 2025-04-23 14:06:22 (GUI Startup Error) ---
Traceback (most recent call last):
  File "C:\PythonProjects\tidal-dl\Tidal-Media-Downloader\TIDALDL-PY\tidal_dl\gui.py", line 2804, in startGui
    window = MainView()
             ^^^^^^^^^^
  File "C:\PythonProjects\tidal-dl\Tidal-Media-Downloader\TIDALDL-PY\tidal_dl\gui.py", line 624, in __init__
    self.initView() # Call the UI setup method.
    ^^^^^^^^^^^^^^^
  File "C:\PythonProjects\tidal-dl\Tidal-Media-Downloader\TIDALDL-PY\tidal_dl\gui.py", line 394, in initView
    stdout_stream.textWritten.connect(self._output)
                                      ^^^^^^^^^^^^
AttributeError: 'MainView' object has no attribute '_output'

--- 2025-04-23 14:10:15 (GUI Startup Error) ---
Traceback (most recent call last):
  File "C:\PythonProjects\tidal-dl\Tidal-Media-Downloader\TIDALDL-PY\tidal_dl\gui.py", line 2804, in startGui
    window = MainView()
             ^^^^^^^^^^
  File "C:\PythonProjects\tidal-dl\Tidal-Media-Downloader\TIDALDL-PY\tidal_dl\gui.py", line 624, in __init__
    self.initView() # Call the UI setup method.
    ^^^^^^^^^^^^^^^
  File "C:\PythonProjects\tidal-dl\Tidal-Media-Downloader\TIDALDL-PY\tidal_dl\gui.py", line 394, in initView
    stdout_stream.textWritten.connect(self._output)
                                      ^^^^^^^^^^^^
AttributeError: 'MainView' object has no attribute '_output'

--- 2025-04-23 14:13:30 (GUI Startup Error) ---
Traceback (most recent call last):
  File "C:\PythonProjects\tidal-dl\Tidal-Media-Downloader\TIDALDL-PY\tidal_dl\gui.py", line 2804, in startGui
    window = MainView()
             ^^^^^^^^^^
  File "C:\PythonProjects\tidal-dl\Tidal-Media-Downloader\TIDALDL-PY\tidal_dl\gui.py", line 619, in __init__
    stdout_stream.textWritten.connect(self._output)
                                      ^^^^^^^^^^^^
AttributeError: 'MainView' object has no attribute '_output'

--- 2025-04-23 14:26:16 (GUI Startup Error) ---
Traceback (most recent call last):
  File "C:\PythonProjects\tidal-dl\Tidal-Media-Downloader\TIDALDL-PY\tidal_dl\gui.py", line 2804, in startGui
    window = MainView()
             ^^^^^^^^^^
  File "C:\PythonProjects\tidal-dl\Tidal-Media-Downloader\TIDALDL-PY\tidal_dl\gui.py", line 624, in __init__
    self.initView() # Call the UI setup method.
    ^^^^^^^^^^^^^^^
  File "C:\PythonProjects\tidal-dl\Tidal-Media-Downloader\TIDALDL-PY\tidal_dl\gui.py", line 394, in initView
    stdout_stream.textWritten.connect(self.__output__)
                                      ^^^^^^^^^^^^^^^
AttributeError: 'MainView' object has no attribute '__output__'

--- 2025-04-23 14:31:26 (GUI Startup Error) ---
Traceback (most recent call last):
  File "C:\PythonProjects\tidal-dl\Tidal-Media-Downloader\TIDALDL-PY\tidal_dl\gui.py", line 2806, in startGui
    window = MainView()
             ^^^^^^^^^^
  File "C:\PythonProjects\tidal-dl\Tidal-Media-Downloader\TIDALDL-PY\tidal_dl\gui.py", line 626, in __init__
    self.initView() # Call the UI setup method.
    ^^^^^^^^^^^^^^^
  File "C:\PythonProjects\tidal-dl\Tidal-Media-Downloader\TIDALDL-PY\tidal_dl\gui.py", line 395, in initView
    stdout_stream.textWritten.connect(self.__output__)
                                      ^^^^^^^^^^^^^^^
AttributeError: 'MainView' object has no attribute '__output__'

--- 2025-04-23 15:40:51 (GUI Startup Error) ---
Traceback (most recent call last):
  File "C:\PythonProjects\tidal-dl\Tidal-Media-Downloader\TIDALDL-PY\tidal_dl\gui.py", line 2806, in startGui
    window = MainView()
             ^^^^^^^^^^
  File "C:\PythonProjects\tidal-dl\Tidal-Media-Downloader\TIDALDL-PY\tidal_dl\gui.py", line 626, in __init__
    self.initView() # Call the UI setup method.
    ^^^^^^^^^^^^^^^
  File "C:\PythonProjects\tidal-dl\Tidal-Media-Downloader\TIDALDL-PY\tidal_dl\gui.py", line 395, in initView
    stdout_stream.textWritten.connect(self.__output__)
                                      ^^^^^^^^^^^^^^^
AttributeError: 'MainView' object has no attribute '__output__'

--- 2025-04-23 16:24:48 (GUI Startup Error) ---
Traceback (most recent call last):
  File "C:\PythonProjects\tidal-dl\Tidal-Media-Downloader\TIDALDL-PY\tidal_dl\gui.py", line 2804, in startGui
    window = MainView()
             ^^^^^^^^^^
  File "C:\PythonProjects\tidal-dl\Tidal-Media-Downloader\TIDALDL-PY\tidal_dl\gui.py", line 624, in __init__
    self.initView() # Call the UI setup method.
    ^^^^^^^^^^^^^^^
  File "C:\PythonProjects\tidal-dl\Tidal-Media-Downloader\TIDALDL-PY\tidal_dl\gui.py", line 394, in initView
    stdout_stream.textWritten.connect(self.on_text_written)
                                      ^^^^^^^^^^^^^^^^^^^^
AttributeError: 'MainView' object has no attribute 'on_text_written'

--- 2025-04-23 16:31:59 (GUI Startup Error) ---
Traceback (most recent call last):
  File "C:\PythonProjects\tidal-dl\Tidal-Media-Downloader\TIDALDL-PY\tidal_dl\gui.py", line 2804, in startGui
    window = MainView()
             ^^^^^^^^^^
  File "C:\PythonProjects\tidal-dl\Tidal-Media-Downloader\TIDALDL-PY\tidal_dl\gui.py", line 624, in __init__
    self.initView() # Call the UI setup method.
    ^^^^^^^^^^^^^^^
  File "C:\PythonProjects\tidal-dl\Tidal-Media-Downloader\TIDALDL-PY\tidal_dl\gui.py", line 394, in initView
    stdout_stream.textWritten.connect(self.on_text_written)
                                      ^^^^^^^^^^^^^^^^^^^^
AttributeError: 'MainView' object has no attribute 'on_text_written'

--- 2025-04-23 16:34:41 (GUI Startup Error) ---
Traceback (most recent call last):
  File "C:\PythonProjects\tidal-dl\Tidal-Media-Downloader\TIDALDL-PY\tidal_dl\gui.py", line 2811, in startGui
    window.checkLogin()
  File "C:\PythonProjects\tidal-dl\Tidal-Media-Downloader\TIDALDL-PY\tidal_dl\gui.py", line 1779, in checkLogin
    self._updateSpotifyRootItem(logged_in=None) # ADDED: Show loading state
    ^^^^^^^^^^^^^^^^^^^^^^^^^^^^^^^^^^^^^^^^^^^
  File "C:\PythonProjects\tidal-dl\Tidal-Media-Downloader\TIDALDL-PY\tidal_dl\gui.py", line 1096, in _updateSpotifyRootItem
    menu_button = self.spotify_menu_button # Assign menu_button here
                  ^^^^^^^^^^^^^^^^^^^^^^^^
AttributeError: 'MainView' object has no attribute 'spotify_menu_button'. Did you mean: 'spotify_connect_button'?

--- 2025-04-23 16:49:13 (GUI Startup Error) ---
Traceback (most recent call last):
  File "C:\PythonProjects\tidal-dl\Tidal-Media-Downloader\TIDALDL-PY\tidal_dl\gui.py", line 2809, in startGui
    window.checkLogin()
  File "C:\PythonProjects\tidal-dl\Tidal-Media-Downloader\TIDALDL-PY\tidal_dl\gui.py", line 1777, in checkLogin
    self._updateSpotifyRootItem(logged_in=None) # ADDED: Show loading state
    ^^^^^^^^^^^^^^^^^^^^^^^^^^^^^^^^^^^^^^^^^^^
  File "C:\PythonProjects\tidal-dl\Tidal-Media-Downloader\TIDALDL-PY\tidal_dl\gui.py", line 1098, in _updateSpotifyRootItem
    self.spotify_header_label.setText(" Spotify (Loading...)")
    ^^^^^^^^^^^^^^^^^^^^^^^^^
AttributeError: 'MainView' object has no attribute 'spotify_header_label'

--- 2025-04-23 16:58:52 (Unhandled Exception) ---
Traceback (most recent call last):
  File "C:\PythonProjects\tidal-dl\Tidal-Media-Downloader\TIDALDL-PY\tidal_dl\gui.py", line 1274, in playlistContextMenu
    if item is None or item == self.tidal_playlists_root or item == self.spotify_playlists_root:
                               ^^^^^^^^^^^^^^^^^^^^^^^^^
AttributeError: 'MainView' object has no attribute 'tidal_playlists_root'

--- 2025-04-23 17:19:45 (Unhandled Exception) ---
Traceback (most recent call last):
  File "C:\PythonProjects\tidal-dl\Tidal-Media-Downloader\TIDALDL-PY\tidal_dl\gui.py", line 2050, in onPlaylistItemClicked
    if item == self.tidal_playlists_root or item == self.spotify_playlists_root:
               ^^^^^^^^^^^^^^^^^^^^^^^^^
AttributeError: 'MainView' object has no attribute 'tidal_playlists_root'

--- 2025-04-24 01:38:17 (GUI Startup Error) ---
Traceback (most recent call last):
  File "C:\PythonProjects\tidal-dl\Tidal-Media-Downloader\TIDALDL-PY\tidal_dl\gui\gui_app_setup.py", line 387, in start_gui_application
    window = main_view_class()
             ^^^^^^^^^^^^^^^^^
  File "C:\PythonProjects\tidal-dl\Tidal-Media-Downloader\TIDALDL-PY\tidal_dl\gui\gui.py", line 267, in __init__
    auth_handler=self.auth_handler,
                 ^^^^^^^^^^^^^^^^^
AttributeError: 'MainView' object has no attribute 'auth_handler'

--- 2025-04-24 03:29:46 (GUI Startup Error) ---
Traceback (most recent call last):
  File "C:\PythonProjects\tidal-dl\Tidal-Media-Downloader\TIDALDL-PY\tidal_dl\gui\gui_app_setup.py", line 385, in start_gui_application
    window: QtWidgets.QWidget = main_view_class()
                                ^^^^^^^^^^^^^^^^^
  File "C:\PythonProjects\tidal-dl\Tidal-Media-Downloader\TIDALDL-PY\tidal_dl\gui\gui.py", line 313, in __init__
    self.table_handler = TableHandler(None, self.link_persistence_manager, self.linking_gui_handler, parent=self) # type: ignore
                         ^^^^^^^^^^^^^^^^^^^^^^^^^^^^^^^^^^^^^^^^^^^^^^^^^^^^^^^^^^^^^^^^^^^^^^^^^^^^^^^^^^^^^^^^
  File "C:\PythonProjects\tidal-dl\Tidal-Media-Downloader\TIDALDL-PY\tidal_dl\gui\gui_table_handler.py", line 51, in __init__
    self._connect_table_signals()
  File "C:\PythonProjects\tidal-dl\Tidal-Media-Downloader\TIDALDL-PY\tidal_dl\gui\gui_table_handler.py", line 63, in _connect_table_signals
    self.table_widget.customContextMenuRequested.connect(self.handle_table_context_menu)
    ^^^^^^^^^^^^^^^^^^^^^^^^^^^^^^^^^^^^^^^^^^^^
AttributeError: 'NoneType' object has no attribute 'customContextMenuRequested'

--- 2025-04-24 03:32:11 (GUI Startup Error) ---
Traceback (most recent call last):
  File "C:\PythonProjects\tidal-dl\Tidal-Media-Downloader\TIDALDL-PY\tidal_dl\gui\gui_app_setup.py", line 385, in start_gui_application
    window: QtWidgets.QWidget = main_view_class()
                                ^^^^^^^^^^^^^^^^^
  File "C:\PythonProjects\tidal-dl\Tidal-Media-Downloader\TIDALDL-PY\tidal_dl\gui\gui.py", line 313, in __init__
    self.table_handler = TableHandler(None, self.link_persistence_manager, self.linking_gui_handler, parent=self) # type: ignore
                         ^^^^^^^^^^^^^^^^^^^^^^^^^^^^^^^^^^^^^^^^^^^^^^^^^^^^^^^^^^^^^^^^^^^^^^^^^^^^^^^^^^^^^^^^
  File "C:\PythonProjects\tidal-dl\Tidal-Media-Downloader\TIDALDL-PY\tidal_dl\gui\gui_table_handler.py", line 51, in __init__
    self._connect_table_signals()
  File "C:\PythonProjects\tidal-dl\Tidal-Media-Downloader\TIDALDL-PY\tidal_dl\gui\gui_table_handler.py", line 63, in _connect_table_signals
    self.table_widget.customContextMenuRequested.connect(self.handle_table_context_menu)
    ^^^^^^^^^^^^^^^^^^^^^^^^^^^^^^^^^^^^^^^^^^^^
AttributeError: 'NoneType' object has no attribute 'customContextMenuRequested'

--- 2025-04-27 17:23:11 (GUI Startup Error) ---
Traceback (most recent call last):
  File "C:\PythonProjects\tidal-dl\Tidal-Media-Downloader\TIDALDL-PY\tidal_dl\gui\gui_app_setup.py", line 488, in start_gui_application
    window: QtWidgets.QWidget = main_view_class()
                                ^^^^^^^^^^^^^^^^^
  File "C:\PythonProjects\tidal-dl\Tidal-Media-Downloader\TIDALDL-PY\tidal_dl\gui\gui.py", line 448, in __init__
    self._connect_handler_signals()
  File "C:\PythonProjects\tidal-dl\Tidal-Media-Downloader\TIDALDL-PY\tidal_dl\gui\gui.py", line 505, in _connect_handler_signals
    self.search_bar.searchTriggered.connect(self._trigger_search) # Connect new signal
    ^^^^^^^^^^^^^^^^^^^^^^^^^^^^^^^^^^^^^^^^^^^^^^^^^^^^^^^^^^^^^
TypeError: decorated slot has no signature compatible with SearchBarWidget.searchTriggered[str]

--- 2025-04-27 18:47:02 (GUI Startup Error) ---
Traceback (most recent call last):
  File "C:\PythonProjects\tidal-dl\Tidal-Media-Downloader\TIDALDL-PY\tidal_dl\gui\gui_app_setup.py", line 488, in start_gui_application
    window: QtWidgets.QWidget = main_view_class()
                                ^^^^^^^^^^^^^^^^^
  File "C:\PythonProjects\tidal-dl\Tidal-Media-Downloader\TIDALDL-PY\tidal_dl\gui\gui.py", line 448, in __init__
    self._connect_handler_signals()
  File "C:\PythonProjects\tidal-dl\Tidal-Media-Downloader\TIDALDL-PY\tidal_dl\gui\gui.py", line 505, in _connect_handler_signals
    self.search_bar.searchTriggered.connect(self._trigger_search) # Connect new signal
    ^^^^^^^^^^^^^^^^^^^^^^^^^^^^^^^^^^^^^^^^^^^^^^^^^^^^^^^^^^^^^
TypeError: decorated slot has no signature compatible with SearchBarWidget.searchTriggered[str]

--- 2025-05-18 00:22:48 (GUI Startup Error) ---
Traceback (most recent call last):
  File "C:\PythonProjects\tidal-dl\Tidal-Media-Downloader\TIDALDL-PY\tidal_dl\gui\gui_app_setup.py", line 582, in start_gui_application
    apply_styling(app)
  File "C:\PythonProjects\tidal-dl\Tidal-Media-Downloader\TIDALDL-PY\tidal_dl\gui\gui_app_setup.py", line 376, in apply_styling
    margin-bottom: 10px; /* Add space below root items */
    ^^^^^^
NameError: name 'margin' is not defined

--- 2025-05-18 00:23:05 (GUI Startup Error) ---
Traceback (most recent call last):
  File "C:\PythonProjects\tidal-dl\Tidal-Media-Downloader\TIDALDL-PY\tidal_dl\gui\gui_app_setup.py", line 582, in start_gui_application
    apply_styling(app)
  File "C:\PythonProjects\tidal-dl\Tidal-Media-Downloader\TIDALDL-PY\tidal_dl\gui\gui_app_setup.py", line 376, in apply_styling
    margin-bottom: 10px; /* Add space below root items */
    ^^^^^^
NameError: name 'margin' is not defined

--- 2025-05-18 00:49:24 (GUI Startup Error) ---
Traceback (most recent call last):
  File "C:\PythonProjects\tidal-dl\Tidal-Media-Downloader\TIDALDL-PY\tidal_dl\gui\gui_app_setup.py", line 590, in start_gui_application
    window: QtWidgets.QWidget = main_view_class()
                                ^^^^^^^^^^^^^^^^^
  File "C:\PythonProjects\tidal-dl\Tidal-Media-Downloader\TIDALDL-PY\tidal_dl\gui\gui.py", line 451, in __init__
    self.tree_handler = PlaylistTreeHandler(self.playlist_tree_widget, self.playlist_cache_manager, parent=self) # type: ignore # Suppress potentially spurious Pylance error
                        ^^^^^^^^^^^^^^^^^^^^^^^^^^^^^^^^^^^^^^^^^^^^^^^^^^^^^^^^^^^^^^^^^^^^^^^^^^^^^^^^^^^^^^^^
  File "C:\PythonProjects\tidal-dl\Tidal-Media-Downloader\TIDALDL-PY\tidal_dl\gui\gui_playlist_tree_handler.py", line 192, in __init__
    self._setup_tree_widget()
  File "C:\PythonProjects\tidal-dl\Tidal-Media-Downloader\TIDALDL-PY\tidal_dl\gui\gui_playlist_tree_handler.py", line 233, in _setup_tree_widget
    self.tidal_root_item.setProperty("isRootItem", True) # type: ignore
    ^^^^^^^^^^^^^^^^^^^^^^^^^^^^^^^^
AttributeError: 'QTreeWidgetItem' object has no attribute 'setProperty'

